// Jest Snapshot v1, https://goo.gl/fbAQLP

exports[`Dashboard renders the dashboards' page 1`] = `
<div>
  <main
    class="w-full max-w-7xl mx-auto px-2 sm:px-6 lg:px-8 pb-6"
  >
    <nav
      aria-label="Breadcrumbs"
      class="my-8 px-2"
    >
      <ol
        class="flex items-center"
        role="list"
      >
        <li>
          <div>
            <a
              class="text-gray-400 hover:text-gray-500"
              href="/"
            >
              <svg
                aria-hidden="true"
                class="h-5 w-5 flex-shrink-0"
                fill="currentColor"
                viewBox="0 0 20 20"
                xmlns="http://www.w3.org/2000/svg"
              >
                <path
                  clip-rule="evenodd"
                  d="M9.293 2.293a1 1 0 011.414 0l7 7A1 1 0 0117 11h-1v6a1 1 0 01-1 1h-2a1 1 0 01-1-1v-3a1 1 0 00-1-1H9a1 1 0 00-1 1v3a1 1 0 01-1 1H5a1 1 0 01-1-1v-6H3a1 1 0 01-.707-1.707l7-7z"
                  fill-rule="evenodd"
                />
              </svg>
              <span
                class="sr-only"
              >
                Home
              </span>
            </a>
          </div>
        </li>
        <li
          class="ml-3"
        >
          <div
            class="flex items-center"
          >
            <svg
              aria-hidden="true"
              class="h-5 w-5 flex-shrink-0 text-gray-300"
              fill="currentColor"
              viewBox="0 0 20 20"
              xmlns="http://www.w3.org/2000/svg"
            >
              <path
                d="M5.555 17.776l8-16 .894.448-8 16-.894-.448z"
              />
            </svg>
            <span
              class="ml-3 text-sm font-medium text-gray-500 hover:text-gray-700"
            >
              <a
                class=""
                href="/dashboard"
              >
                Dashboard
              </a>
            </span>
          </div>
        </li>
      </ol>
    </nav>
    <div
      class="my-12"
    >
      <h3
        class="text-lg font-medium text-black font-medium text-xl mb-3"
      >
        Overview
      </h3>
      <div
        class="mt-4"
      >
        <div
          class="grid grid-cols-1 gap-5 sm:grid-cols-2 lg:grid-cols-3"
        >
          <article
            class="sm:rounded-lg overflow-hidden shadow border-b border-gray-200 bg-white"
          >
            <div
              class="p-5"
            >
              <div
                class="flex items-center"
              >
                <div
                  class="flex-shrink-0"
                >
                  <svg
                    aria-hidden="true"
                    class="h-6 w-6"
                    fill="none"
                    stroke="currentColor"
                    stroke-width="1.5"
                    viewBox="0 0 24 24"
                    xmlns="http://www.w3.org/2000/svg"
                  >
                    <path
                      d="M16.5 3.75V16.5L12 14.25 7.5 16.5V3.75m9 0H18A2.25 2.25 0 0120.25 6v12A2.25 2.25 0 0118 20.25H6A2.25 2.25 0 013.75 18V6A2.25 2.25 0 016 3.75h1.5m9 0h-9"
                      stroke-linecap="round"
                      stroke-linejoin="round"
                    />
                  </svg>
                </div>
                <dl
                  class="ml-5 w-0 flex-1"
                >
                  <dt>
                    <div
                      class="text-sm font-medium"
                    >
                      Datasources
                    </div>
                  </dt>
                  <dd>
                    <div
                      class="text-lg font-medium"
                    >
                      6
                    </div>
                  </dd>
                </dl>
              </div>
            </div>
            <div
              class="px-5 py-3"
            >
              <div
                class="text-sm"
              >
                <a
                  class="font-medium text-blue-600 hover:text-blue-900 text-blue-600 hover:text-blue-500"
                  href="/catalog"
                >
                  View all
                </a>
              </div>
            </div>
          </article>
          <article
            class="sm:rounded-lg overflow-hidden shadow border-b border-gray-200 bg-white"
          >
            <div
              class="p-5"
            >
              <div
                class="flex items-center"
              >
                <div
                  class="flex-shrink-0"
                >
                  <svg
                    aria-hidden="true"
                    class="h-6 w-6"
                    fill="none"
                    stroke="currentColor"
                    stroke-width="1.5"
                    viewBox="0 0 24 24"
                    xmlns="http://www.w3.org/2000/svg"
                  >
                    <path
                      d="M12 6.042A8.967 8.967 0 006 3.75c-1.052 0-2.062.18-3 .512v14.25A8.987 8.987 0 016 18c2.305 0 4.408.867 6 2.292m0-14.25a8.966 8.966 0 016-2.292c1.052 0 2.062.18 3 .512v14.25A8.987 8.987 0 0018 18a8.967 8.967 0 00-6 2.292m0-14.25v14.25"
                      stroke-linecap="round"
                      stroke-linejoin="round"
                    />
                  </svg>
                </div>
                <dl
                  class="ml-5 w-0 flex-1"
                >
                  <dt
                    class="text-sm font-medium"
                  >
                    Notebooks
                  </dt>
                  <dd
                    class="text-lg font-medium"
                  >
                    0
                  </dd>
                </dl>
              </div>
            </div>
            <div
              class="px-5 py-3"
            >
              <div
                class="text-sm"
              >
                <a
                  class="font-medium text-blue-600 hover:text-blue-900 text-blue-600 hover:text-blue-500"
                  href="/notebooks"
                >
                  View all
                </a>
              </div>
            </div>
          </article>
          <article
            class="sm:rounded-lg overflow-hidden shadow border-b border-gray-200 bg-white"
          >
            <div
              class="p-5"
            >
              <div
                class="flex items-center"
              >
                <div
                  class="flex-shrink-0"
                >
                  <svg
                    aria-hidden="true"
                    class="h-6 w-6"
                    fill="none"
                    stroke="currentColor"
                    stroke-width="1.5"
                    viewBox="0 0 24 24"
                    xmlns="http://www.w3.org/2000/svg"
                  >
                    <path
                      d="M9.75 3.104v5.714a2.25 2.25 0 01-.659 1.591L5 14.5M9.75 3.104c-.251.023-.501.05-.75.082m.75-.082a24.301 24.301 0 014.5 0m0 0v5.714c0 .597.237 1.17.659 1.591L19.8 15.3M14.25 3.104c.251.023.501.05.75.082M19.8 15.3l-1.57.393A9.065 9.065 0 0112 15a9.065 9.065 0 00-6.23-.693L5 14.5m14.8.8l1.402 1.402c1.232 1.232.65 3.318-1.067 3.611A48.309 48.309 0 0112 21c-2.773 0-5.491-.235-8.135-.687-1.718-.293-2.3-2.379-1.067-3.61L5 14.5"
                      stroke-linecap="round"
                      stroke-linejoin="round"
                    />
                  </svg>
                </div>
                <dl
                  class="ml-5 w-0 flex-1"
                >
                  <dt>
                    <div
                      class="truncate text-sm font-medium"
                    >
                      Pipelines
                    </div>
                  </dt>
                  <dd>
                    <div
                      class="text-lg font-medium "
                    >
                      0
                    </div>
                  </dd>
                </dl>
              </div>
            </div>
            <div
              class=" px-5 py-3"
            >
              <div
                class="text-sm"
              >
                <a
                  class="font-medium text-blue-600 hover:text-blue-900 text-blue-600 hover:text-blue-500"
                  href="/pipelines"
                >
                  View all
                </a>
              </div>
            </div>
          </article>
        </div>
      </div>
      <div
        class="my-12"
      >
        <h4
          class="text-lg font-medium leading-6 text-gray-700 font-medium text-lg mb-2.5"
        >
          Last Activity
        </h4>
        <div
          class="mt-4"
        >
          <article
            class="sm:rounded-lg overflow-hidden shadow border-b border-gray-200 bg-white"
          >
            <div>
              <div
                class="overflow-x-auto"
              >
                <div
                  class="overflow-x-auto"
                >
                  <table
                    class="table-fixed w-full divide-y divide-gray-200 "
                    role="table"
                    style="min-width: 340px;"
                  >
                    <thead
                      class="bg-gray-50"
                    >
                      <tr
                        class=""
                        role="row"
                        style="display: flex; flex: 1 0 auto; min-width: 340px;"
                      >
                        <th
                          colspan="1"
                          role="columnheader"
                          scope="col"
                          style="box-sizing: border-box; flex: 250 0 auto; min-width: 250px; width: 250px;"
                        >
                          <div
                            class="px-4 py-3 text-left text-xs font-medium text-gray-500 uppercase tracking-wider flex whitespace-nowrap"
                          >
                            Name
                          </div>
                        </th>
                        <th
                          colspan="1"
                          role="columnheader"
                          scope="col"
                          style="box-sizing: border-box; flex: 150 0 auto; min-width: 30px; width: 150px;"
                        >
                          <div
                            class="px-4 py-3 text-left text-xs font-medium text-gray-500 uppercase tracking-wider flex whitespace-nowrap"
                          >
                            Status
                          </div>
                        </th>
                        <th
                          colspan="1"
                          role="columnheader"
                          scope="col"
                          style="box-sizing: border-box; flex: 150 0 auto; min-width: 30px; width: 150px;"
                        >
                          <div
                            class="px-4 py-3 text-left text-xs font-medium text-gray-500 uppercase tracking-wider flex whitespace-nowrap"
                          >
                            Date
                          </div>
                        </th>
                        <th
                          colspan="1"
                          role="columnheader"
                          scope="col"
                          style="box-sizing: border-box; flex: 150 0 auto; min-width: 30px; width: 150px;"
                        >
                          <div
                            class="px-4 py-3 text-left text-xs font-medium text-gray-500 uppercase tracking-wider flex whitespace-nowrap"
                          />
                        </th>
                      </tr>
                    </thead>
                    <tbody
                      class="divide-y divide-gray-200"
                      role="rowgroup"
                    >
                      <tr
                        class=""
                        role="row"
                        style="display: flex; flex: 1 0 auto; min-width: 340px;"
                      >
                        <td
                          role="cell"
                          style="box-sizing: border-box; flex: 250 0 auto; min-width: 250px; width: 250px;"
                        >
                          <div
                            class="px-4 py-5 text-sm text-gray-500 flex items-center w-full h-full ... truncate whitespace-nowrap"
                          >
                            <div
                              class="flex items-center gap-4"
                            >
                              <div
                                class="truncate"
                              >
                                <div
                                  class="flex-1 truncate lg:whitespace-nowrap"
                                  title="All datasources are up to date!"
                                >
                                  All datasources are up to date!
                                </div>
                              </div>
                            </div>
                          </div>
                        </td>
                        <td
                          role="cell"
                          style="box-sizing: border-box; flex: 150 0 auto; min-width: 30px; width: 150px;"
                        >
                          <div
                            class="px-4 py-5 text-sm text-gray-500 flex items-center w-full h-full whitespace-nowrap"
                          >
                            <span
                              class="inline-flex items-center truncate whitespace-nowrap rounded-md border border-gray-500 border-opacity-10 font-medium px-2 py-0.5 text-xs bg-emerald-50 text-emerald-500 flex items-center"
                            >
                              Succeeded
                            </span>
                          </div>
                        </td>
                        <td
                          role="cell"
                          style="box-sizing: border-box; flex: 150 0 auto; min-width: 30px; width: 150px;"
                        >
                          <div
                            class="px-4 py-5 text-sm text-gray-500 flex items-center w-full h-full whitespace-nowrap"
                          >
                            <time
                              class="whitespace-nowrap truncate"
                              datetime="2022-11-09T01:00:39.651+01:00"
                              title="2022-11-09T01:00:39.651+01:00"
                            >
                              in 18 days
                            </time>
                          </div>
                        </td>
                        <td
                          role="cell"
                          style="box-sizing: border-box; flex: 150 0 auto; min-width: 30px; width: 150px;"
                        >
                          <div
                            class="px-4 py-5 text-sm text-gray-500 flex items-center w-full h-full whitespace-nowrap"
                          >
                            <div
                              class="w-full"
                            >
                              <a
                                accessor="url"
                                class="flex w-full cursor-pointer items-center justify-end outline-none text-blue-600 hover:text-blue-500"
                                href="/catalog"
                              >
                                View
                                <svg
                                  aria-hidden="true"
                                  class="inline h-5"
                                  fill="currentColor"
                                  viewBox="0 0 20 20"
                                  xmlns="http://www.w3.org/2000/svg"
                                >
                                  <path
                                    clip-rule="evenodd"
                                    d="M7.21 14.77a.75.75 0 01.02-1.06L11.168 10 7.23 6.29a.75.75 0 111.04-1.08l4.5 4.25a.75.75 0 010 1.08l-4.5 4.25a.75.75 0 01-1.06-.02z"
                                    fill-rule="evenodd"
                                  />
                                </svg>
                              </a>
                            </div>
                          </div>
                        </td>
                      </tr>
                    </tbody>
                  </table>
                </div>
              </div>
            </div>
          </article>
        </div>
      </div>
    </div>
  </main>
</div>
`;
