// Jest Snapshot v1, https://goo.gl/fbAQLP

exports[`DataCard renders 1`] = `
<div>
  <article
    class="sm:rounded-lg overflow-hidden shadow border-b border-gray-200 bg-white divide-y divide-gray-200"
  >
    <h3
      class="px-4 py-5 pt-7 text-lg font-medium leading-4 text-gray-900 sm:px-6 flex items-center justify-between"
    >
      <div>
        Regional
      </div>
    </h3>
    <section
      class="px-4 py-5 sm:px-6"
    >
      <div>
        <div
          aria-controls="headlessui-disclosure-panel-67862f3c-cbfc-451b-98ed-ed1d0420ea19"
          aria-expanded="true"
          class="-my-7 flex items-center py-7"
          data-headlessui-state="open"
          id="headlessui-disclosure-button-fbe024f2-3162-465a-b6e8-d65a837e308a"
        >
          <div
            class="flex flex-1 flex-shrink items-center justify-end"
          />
        </div>
        <div>
          <div
            class="mt-6"
            data-headlessui-state="open"
            id="headlessui-disclosure-panel-67862f3c-cbfc-451b-98ed-ed1d0420ea19"
          >
            <dl
              class="grid gap-4"
            >
              <div
                class="grid grid-cols-5 gap-2 sm:gap-4"
              >
                <dt
                  class="flex text-sm font-medium text-gray-500 col-span-1 items-center"
                >
                  <span
                    class="inline"
                  >
                    Name
                  </span>
                </dt>
                <dd
                  class="col-span-4 text-sm text-gray-900"
                >
                  <div
                    class="prose text-sm text-gray-900"
                  >
                    Regional
                  </div>
                </dd>
              </div>
            </dl>
          </div>
        </div>
      </div>
    </section>
  </article>
</div>
`;
