// Jest Snapshot v1, https://jestjs.io/docs/snapshot-testing

exports[`CountryPicker renders 1`] = `
<div>
  <div
    class="relative"
    data-headlessui-state=""
  >
    <button
      aria-expanded="false"
      aria-haspopup="listbox"
      class="form-input flex w-full items-center rounded-md border-gray-300 shadow-xs cursor-pointer focus-within:outline-hidden focus:ring-transparent focus-visible:border-blue-500  sm:text-sm hover:border-gray-400"
      data-headlessui-state=""
      data-testid="combobox-button"
      id="headlessui-combobox-button-b608a8f9-e22c-462e-95cb-e9c54e6fa91f"
      tabindex="-1"
      type="button"
    >
      <div
        class="mr-1 flex flex-1 items-center truncate"
      >
        <input
          aria-autocomplete="list"
          aria-expanded="false"
          autocomplete="off"
          class="flex-1 placeholder-gray-600/70 outline-hidden cursor-pointer pointer-events-none"
          data-headlessui-state=""
          data-testid="combobox-input"
          id="headlessui-combobox-input-963e9095-8e5e-490e-8bf2-2eb1cceb1000"
          placeholder="Select a country"
          readonly=""
          role="combobox"
          type="text"
        />
      </div>
      <div
        class="ml-1 flex items-center gap-0.5 rounded-r-md text-gray-400 focus:outline-hidden"
      >
        <svg
          class="animate-spin h-5 w-5"
          data-testid="spinner"
          fill="none"
          viewBox="0 0 24 24"
          xmlns="http://www.w3.org/2000/svg"
        >
          <circle
            class="opacity-25"
            cx="12"
            cy="12"
            r="10"
            stroke="currentColor"
            stroke-width="4"
          />
          <path
            class="opacity-75"
            d="M4 12a8 8 0 018-8V0C5.373 0 0 5.373 0 12h4zm2 5.291A7.962 7.962 0 014 12H0c0 3.042 1.135 5.824 3 7.938l3-2.647z"
            fill="currentColor"
          />
        </svg>
      </div>
    </button>
  </div>
</div>
`;
